2719554928354919
2860383982525694
602486076932104
40295499311403632
1196597452735411
16182182795092699
4213999225616910
1226657312948958
2429870391056278
885
