5757668269427513
1055781709212057
1913120983525707
363449591915970
142836702082232
652861457702537
1062501750362040
458502051368495
606812502196291
1467
