1293192386333213
1046546338965896
551651772844308
619747144834823
1919455503842295
3045932794149964
300769140004081
405926191579807
989986424740685
230
