424707433582256
841749600820568
2282399238386346
1660279119103072
3182384567354903
1064819481887741
401227450142320
3291914416483008
1823073326353802
280
