588240011106301
1094135609633944
1214339852714501
1575850796402627
1162166487070309
1053234345619137
460893082610948
2974900043359591
1850799541457469
282
