769690295803806
2342719363912625
594750958486742
715137961111873
1301456207384766
2180072264847484
616388624697949
1006539210109851
2179943111228709
233
