993209741119930
1426754135096851
113151972705234
155218797690766
1979795940193742
1236613061995292
700118739380921
985504402438531
476102144701390
9639
