4020432740868597
1358852767803554
655242072356317
526343297503916
677933239323732
6397749925965766
4127212551312329
179313610997766
1278990886571336
415
