4
8
4
8
14
8
14
6
8
3
4
10
8
8
8
10
1
6
4
42
4
4
4
8
32
6
8
3
32
10
4
4
12
10
2
10
24
1
12
8
8
14
10
10
6
4
14
42
4
24
8
4
6
8
4
4
4
4
4
8
4
6
10
2
