36
120
72
48
188
76
48
24
108
54
60
42
92
16
92
100
72
44
36
72
108
76
84
120
60
42
44
72
80
72
54
36
56
60
48
56
270
56
48
66
72
1380
84
32
72
270
42
120
72
192
72
72
144
30
72
36
42
84
40
128
270
24
248
30
84
48
72
228
36
108
80
72
72
56
30
128
36
120
144
120
336
60
30
30
20
84
20
56
336
60
50
72
270
66
30
24
36
24
56
188
84
40
184
28
72
36
248
16
50
108
84
20
84
20
28
60
100
36
184
32
36
120
40
192
228
1380
48
40
