B11??11????1
0B000??0000?
01B001100001
?11B?11????1
?11?B11????1
0?000B?0000?
0?000?B0000?
?11??11B???1
?11??11?B??1
?11??11??B?1
?11??11???B1
0?000??0000B
