B???1?????????1???????1?????????1??1??1?1??1????1???1????????11????111???11????1?????????1??1???????
?B??1?????????1???????1?????????1??1??1?1??1????1???1????????11????111???11????1?????????1??1???????
??B?1?????????1???????1?????????1??1??1?1??1????1???1????????11????111???11????1?????????1??1???????
???B1?????????1???????1?????????1??1??1?1??1????1???1????????11????111???11????1?????????1??1???????
0000B000000000?0000000?000000000?00?00?0?00?0000?000?00000000??0000???000??0000?000000000?00?0000000
????1B????????1???????1?????????1??1??1?1??1????1???1????????11????111???11????1?????????1??1???????
????1?B???????1???????1?????????1??1??1?1??1????1???1????????11????111???11????1?????????1??1???????
????1??B??????1???????1?????????1??1??1?1??1????1???1????????11????111???11????1?????????1??1???????
????1???B?????1???????1?????????1??1??1?1??1????1???1????????11????111???11????1?????????1??1???????
????1????B????1???????1?????????1??1??1?1??1????1???1????????11????111???11????1?????????1??1???????
????1?????B???1???????1?????????1??1??1?1??1????1???1????????11????111???11????1?????????1??1???????
????1??????B??1???????1?????????1??1??1?1??1????1???1????????11????111???11????1?????????1??1???????
????1???????B?1???????1?????????1??1??1?1??1????1???1????????11????111???11????1?????????1??1???????
????1????????B1???????1?????????1??1??1?1??1????1???1????????11????111???11????1?????????1??1???????
0000?000000000B0000000?000000000?00?00?0?00?0000?000?00000000??0000???000??0000?000000000?00?0000000
????1?????????1B??????1?????????1??1??1?1??1????1???1????????11????111???11????1?????????1??1???????
????1?????????1?B?????1?????????1??1??1?1??1????1???1????????11????111???11????1?????????1??1???????
????1?????????1??B????1?????????1??1??1?1??1????1???1????????11????111???11????1?????????1??1???????
????1?????????1???B???1?????????1??1??1?1??1????1???1????????11????111???11????1?????????1??1???????
????1?????????1????B??1?????????1??1??1?1??1????1???1????????11????111???11????1?????????1??1???????
????1?????????1?????B?1?????????1??1??1?1??1????1???1????????11????111???11????1?????????1??1???????
????1?????????1??????B1?????????1??1??1?1??1????1???1????????11????111???11????1?????????1??1???????
0000?000000000?0000000B000000000?00?00?0?00?0000?000?00000000??0000???000??0000?000000000?00?0000000
????1?????????1???????1B????????1??1??1?1??1????1???1????????11????111???11????1?????????1??1???????
????1?????????1???????1?B???????1??1??1?1??1????1???1????????11????111???11????1?????????1??1???????
????1?????????1???????1??B??????1??1??1?1??1????1???1????????11????111???11????1?????????1??1???????
????1?????????1???????1???B?????1??1??1?1??1????1???1????????11????111???11????1?????????1??1???????
????1?????????1???????1????B????1??1??1?1??1????1???1????????11????111???11????1?????????1??1???????
????1?????????1???????1?????B???1??1??1?1??1????1???1????????11????111???11????1?????????1??1???????
????1?????????1???????1??????B??1??1??1?1??1????1???1????????11????111???11????1?????????1??1???????
????1?????????1???????1???????B?1??1??1?1??1????1???1????????11????111???11????1?????????1??1???????
????1?????????1???????1????????B1??1??1?1??1????1???1????????11????111???11????1?????????1??1???????
0000?000000000?0000000?000000000B00?00?0?00?0000?000?00000000??0000???000??0000?000000000?00?0000000
????1?????????1???????1?????????1B?1??1?1??1????1???1????????11????111???11????1?????????1??1???????
????1?????????1???????1?????????1?B1??1?1??1????1???1????????11????111???11????1?????????1??1???????
0000?000000000?0000000?000000000?00B00?0?00?0000?000?00000000??0000???000??0000?000000000?00?0000000
????1?????????1???????1?????????1??1B?1?1??1????1???1????????11????111???11????1?????????1??1???????
????1?????????1???????1?????????1??1?B1?1??1????1???1????????11????111???11????1?????????1??1???????
0000?000000000?0000000?000000000?00?00B0?00?0000?000?00000000??0000???000??0000?000000000?00?0000000
????1?????????1???????1?????????1??1??1B1??1????1???1????????11????111???11????1?????????1??1???????
0000?000000000?0000000?000000000?00?00?0B00?0000?000?00000000??0000???000??0000?000000000?00?0000000
????1?????????1???????1?????????1??1??1?1B?1????1???1????????11????111???11????1?????????1??1???????
????1?????????1???????1?????????1??1??1?1?B1????1???1????????11????111???11????1?????????1??1???????
0000?000000000?0000000?000000000?00?00?0?00B0000?000?00000000??0000???000??0000?000000000?00?0000000
????1?????????1???????1?????????1??1??1?1??1B???1???1????????11????111???11????1?????????1??1???????
????1?????????1???????1?????????1??1??1?1??1?B??1???1????????11????111???11????1?????????1??1???????
????1?????????1???????1?????????1??1??1?1??1??B?1???1????????11????111???11????1?????????1??1???????
????1?????????1???????1?????????1??1??1?1??1???B1???1????????11????111???11????1?????????1??1???????
0000?000000000?0000000?000000000?00?00?0?00?0000B000?00000000??0000???000??0000?000000000?00?0000000
????1?????????1???????1?????????1??1??1?1??1????1B??1????????11????111???11????1?????????1??1???????
????1?????????1???????1?????????1??1??1?1??1????1?B?1????????11????111???11????1?????????1??1???????
????1?????????1???????1?????????1??1??1?1??1????1??B1????????11????111???11????1?????????1??1???????
0000?000000000?0000000?000000000?00?00?0?00?0000?000B00000000??0000???000??0000?000000000?00?0000000
????1?????????1???????1?????????1??1??1?1??1????1???1B???????11????111???11????1?????????1??1???????
????1?????????1???????1?????????1??1??1?1??1????1???1?B??????11????111???11????1?????????1??1???????
????1?????????1???????1?????????1??1??1?1??1????1???1??B?????11????111???11????1?????????1??1???????
????1?????????1???????1?????????1??1??1?1??1????1???1???B????11????111???11????1?????????1??1???????
????1?????????1???????1?????????1??1??1?1??1????1???1????B???11????111???11????1?????????1??1???????
????1?????????1???????1?????????1??1??1?1??1????1???1?????B??11????111???11????1?????????1??1???????
????1?????????1???????1?????????1??1??1?1??1????1???1??????B?11????111???11????1?????????1??1???????
????1?????????1???????1?????????1??1??1?1??1????1???1???????B11????111???11????1?????????1??1???????
0000?000000000?0000000?000000000?00?00?0?00?0000?000?00000000B?0000???000??0000?000000000?00?0000000
0000?000000000?0000000?000000000?00?00?0?00?0000?000?00000000?B0000???000??0000?000000000?00?0000000
????1?????????1???????1?????????1??1??1?1??1????1???1????????11B???111???11????1?????????1??1???????
????1?????????1???????1?????????1??1??1?1??1????1???1????????11?B??111???11????1?????????1??1???????
????1?????????1???????1?????????1??1??1?1??1????1???1????????11??B?111???11????1?????????1??1???????
????1?????????1???????1?????????1??1??1?1??1????1???1????????11???B111???11????1?????????1??1???????
0000?000000000?0000000?000000000?00?00?0?00?0000?000?00000000??0000B??000??0000?000000000?00?0000000
0000?000000000?0000000?000000000?00?00?0?00?0000?000?00000000??0000?B?000??0000?000000000?00?0000000
0000?000000000?0000000?000000000?00?00?0?00?0000?000?00000000??0000??B000??0000?000000000?00?0000000
????1?????????1???????1?????????1??1??1?1??1????1???1????????11????111B??11????1?????????1??1???????
????1?????????1???????1?????????1??1??1?1??1????1???1????????11????111?B?11????1?????????1??1???????
????1?????????1???????1?????????1??1??1?1??1????1???1????????11????111??B11????1?????????1??1???????
0000?000000000?0000000?000000000?00?00?0?00?0000?000?00000000??0000???000B?0000?000000000?00?0000000
0000?000000000?0000000?000000000?00?00?0?00?0000?000?00000000??0000???000?B0000?000000000?00?0000000
????1?????????1???????1?????????1??1??1?1??1????1???1????????11????111???11B???1?????????1??1???????
????1?????????1???????1?????????1??1??1?1??1????1???1????????11????111???11?B??1?????????1??1???????
????1?????????1???????1?????????1??1??1?1??1????1???1????????11????111???11??B?1?????????1??1???????
????1?????????1???????1?????????1??1??1?1??1????1???1????????11????111???11???B1?????????1??1???????
0000?000000000?0000000?000000000?00?00?0?00?0000?000?00000000??0000???000??0000B000000000?00?0000000
????1?????????1???????1?????????1??1??1?1??1????1???1????????11????111???11????1B????????1??1???????
????1?????????1???????1?????????1??1??1?1??1????1???1????????11????111???11????1?B???????1??1???????
????1?????????1???????1?????????1??1??1?1??1????1???1????????11????111???11????1??B??????1??1???????
????1?????????1???????1?????????1??1??1?1??1????1???1????????11????111???11????1???B?????1??1???????
????1?????????1???????1?????????1??1??1?1??1????1???1????????11????111???11????1????B????1??1???????
????1?????????1???????1?????????1??1??1?1??1????1???1????????11????111???11????1?????B???1??1???????
????1?????????1???????1?????????1??1??1?1??1????1???1????????11????111???11????1??????B??1??1???????
????1?????????1???????1?????????1??1??1?1??1????1???1????????11????111???11????1???????B?1??1???????
????1?????????1???????1?????????1??1??1?1??1????1???1????????11????111???11????1????????B1??1???????
0000?000000000?0000000?000000000?00?00?0?00?0000?000?00000000??0000???000??0000?000000000B00?0000000
????1?????????1???????1?????????1??1??1?1??1????1???1????????11????111???11????1?????????1B?1???????
????1?????????1???????1?????????1??1??1?1??1????1???1????????11????111???11????1?????????1?B1???????
0000?000000000?0000000?000000000?00?00?0?00?0000?000?00000000??0000???000??0000?000000000?00B0000000
????1?????????1???????1?????????1??1??1?1??1????1???1????????11????111???11????1?????????1??1B??????
????1?????????1???????1?????????1??1??1?1??1????1???1????????11????111???11????1?????????1??1?B?????
????1?????????1???????1?????????1??1??1?1??1????1???1????????11????111???11????1?????????1??1??B????
????1?????????1???????1?????????1??1??1?1??1????1???1????????11????111???11????1?????????1??1???B???
????1?????????1???????1?????????1??1??1?1??1????1???1????????11????111???11????1?????????1??1????B??
????1?????????1???????1?????????1??1??1?1??1????1???1????????11????111???11????1?????????1??1?????B?
????1?????????1???????1?????????1??1??1?1??1????1???1????????11????111???11????1?????????1??1??????B
