B000000100
1B11000110
10B0000100
101B000100
1111B11110
11110B1110
111100B110
0000000B00
10110001B0
111111111B
