B00100?0000101011101
1B011011101101111111
11B11111111111111111
000B0000000101010001
1001B011001101011111
11011B111?1101111111
?00100B0000101011101
1001001B000101011101
10011011B01101011111
11011?111B1101111111
1001001100B101011101
00000000000B00000001
110111111111B1111111
0000000000010B000001
10011011101101B11111
000000000001010B0001
0001000000010101B001
00010000000101011B01
100100110011010111B1
0000000000000000000B
