99
96
93
90
87
84
81
78
76
74
72
70
68
66
65
64
63
62
61
60
59
58
57
56
55
54
54
53
53
52
52
52
52
52
52
52
52
52
52
52
52
52
52
52
52
52
52
52
52
52
52
52
52
52
52
52
53
53
53
54
54
54
55
55
55
56
56
57
57
57
58
58
59
59
60
61
61
62
63
64
64
65
66
67
68
69
70
71
72
73
74
75
76
77
78
79
80
81
82
83
