59
59
59
60
61
62
63
64
64
65
65
66
67
67
67
68
68
68
69
69
69
69
69
70
70
70
70
70
71
72
73
73
73
73
73
73
73
73
73
73
74
75
76
76
76
76
77
78
79
79
79
80
81
82
82
82
82
82
82
82
83
84
84
85
85
85
85
86
87
88
89
90
90
91
91
91
91
92
92
92
93
93
93
94
95
95
95
95
95
95
95
96
96
96
97
98
98
98
98
99
