96
92
88
84
80
76
72
68
65
62
59
56
54
52
50
48
46
44
42
40
38
37
36
35
34
33
32
31
30
29
28
27
26
25
24
23
23
23
23
23
23
23
23
23
23
23
23
23
23
24
24
24
25
25
25
26
27
27
27
28
29
29
29
30
31
31
31
32
33
33
34
35
36
36
37
38
39
40
41
42
43
44
45
46
47
48
49
50
51
52
53
54
55
56
57
58
59
60
61
62
