100110001100000010010101010010010100001010001110010011111001111000000010010010111110010011001101110100010010001000010110001000111000011000100110010
