10010110000010001010111011100101010011000101110110111001010111101011111111110110111110110000100100101100110110001011101000110111110111101011110000110111010001000101111100111010001000000010101111001111110001001101001001110010101100110001111110111011010110001111111010111000100001011
