100100001110000000011100101010100110000000000010101111100100000101100011001000001110111111100100101110000101101011111111000000001111000000110010001111100100111011100010111011110101101111100100001110010000111111000000001100101110000011011001110001000001000011000010011001001110001101011110100001001110001000110111011000111011010000000011001110001001101000011100011011111110010011011000010100111111011100000101100000100011110111100110011111101111001101101101000011001110101010101100110101000000
