1101110000001011111000111010010000111100111011110001001101100101100100001100001011000101110110011001010011100110111001111010110100101100110000001011001010101111111110100100000110101011001110000100110100000110010110101000110101000101000101111101001110100011010011110010011101010110101010101011100010011010001001010010100001101101001101100001011001101001000001001110001111101111101011011000011000110111100100010000010111010110001100111010111011101001110101010011001001100010010111111100101001100110011011111000010110010101101000001011101101100110000100101010100000011111111100001110000110001111111001100111100001100110111001001100111100010101110010101100101100110101001010110011010001110110001000110101001011111000010000101001111111100111000101011101110110000110000100101101110011
