1101000001100100100010101100101001110010000111110001101111101001111111001011011110010101111010000100110001101101010010111111000101010011111110100111001001011000100011101011111001000101110111001000110100000010111001011010001100010101111010101011111110110001110000100011111100001001001100100010010111011100110101111001001001101101000110100110101111010001000000011110100100101101111001000011010011000101111110111100010001001100111111110111011000010110000010101110010110001101100011111010011110110011011111010100001101101100000111110111101110110111101110100010011111011000110011111110100011110001000101010100100101100110001010111001101011001000010110011111111010001001001110101111111010101010101011010011010010000001010011110001000010010011110011000011001110011001011000110001100001110010111100010010100100100110001111100111000010000111010110100100110100110100000100110001110101100110110011000100011100011011001001011001101101
