36839
45510
45134
42278
19087
36839
34719
43153
50055
36839
45510
27521
45134
23041
26492
50055
38441
38026
38026
36839
18785
27521
50930
45134
34719
37694
16021
38026
38441
19087
25628
45510
23041
38441
45134
48860
34719
11977
37694
45510
45510
45134
16381
24753
45184
18785
27521
38441
37714
48860
43153
45134
38026
50055
50055
27708
38695
47630
36839
45510
47630
28745
45134
50055
48860
45134
37694
28745
42278
38695
50105
45134
37694
45184
37694
38441
50055
47630
11977
43153
48860
38441
28745
37714
18263
36839
38026
24753
45510
50055
50055
18263
18517
36839
50980
42278
10310
16021
23041
24753
