365311238
146409710
349245119
460478940
332593610
271373825
65169809
940369329
549547371
1337927075
306275572
374393199
371091475
838975876
181272401
782814381
262706222
135004145
522180716
79766379
1119725510
1022383712
791903918
408314968
585932472
810888500
849277078
935181411
1356956315
723731232
429037241
361192150
234556241
735666922
631937310
374562208
163111737
927469799
194016753
144458232
490238431
113250216
373982283
564764809
127376866
343342081
263654130
389582142
671968608
93276163
689468206
221040889
535224516
97849808
465273816
383852453
621972391
511725882
569146835
371125466
404320937
35071961
812828337
115572709
1011909362
413622716
134790873
300784245
871663431
473938023
315359773
802989430
277675516
894546820
305317799
769097395
97268373
532404674
542105807
429858883
330899723
284393453
897096854
230102561
180858528
993933638
57062919
947195141
915589425
456120063
542715420
806518004
160843160
1342175503
439146508
515924011
597944472
688780742
56588126
93269369
