431
463
500
540
390
346
44
117
358
480
259
11
227
541
560
189
221
192
640
349
286
295
667
225
116
359
798
992
533
711
1110
181
1157
671
165
491
485
684
267
129
420
530
125
340
746
319
282
578
411
44
225
566
361
530
603
350
871
709
1467
1020
327
379
243
798
218
191
374
381
75
619
77
148
213
442
538
387
371
612
191
252
311
501
245
539
777
70
570
145
408
241
656
69
192
555
188
341
194
290
286
24
