296
754
196
336
130
40
185
149
82
221
39
572
930
313
726
321
504
105
721
621
74
181
914
411
534
357
137
489
457
753
242
303
577
215
673
539
174
422
262
105
170
54
791
86
340
471
441
331
406
851
525
332
731
52
370
559
808
878
350
721
498
339
523
507
761
713
712
305
585
960
315
954
719
346
619
539
40
459
90
245
356
999
85
324
788
409
391
114
176
125
118
289
788
359
240
75
240
655
408
475
