114944090
231398205
453248433
703375598
407143982
62566918
255708170
342762101
728492050
205162588
250634100
7484829
393338067
455276126
63359826
124481077
414083314
803120339
732661517
311375498
86716706
371759156
103193519
356143283
193134377
102901782
620660317
688280195
384839138
245368983
287724636
454628609
190306285
168073066
168563133
153561149
66359489
1313870689
405739387
785730128
585515496
478551596
244312041
196222757
403902824
465581102
924770659
495700141
163542336
738992091
166830313
42730915
354077110
208338180
269392011
74759752
596534276
524018688
857022255
108327696
191743088
69996778
277479091
873086256
414980194
519542117
617012029
255378925
30790159
589342876
423541552
205351105
133982267
323475256
391727668
188364792
362166809
126726466
139172355
87194354
1025771811
171188434
317720694
184375599
897907698
29008934
46651899
415372790
264412190
77137819
194806782
644547539
464053246
169970657
485640505
55459525
276675240
53129349
55398104
257037966
