254731047
811564290
682045443
616343738
729788410
193178213
271547955
446695683
649028647
377611589
397427695
179180554
357139677
415707354
681761610
965874322
974894164
661310204
473391288
369207976
36994220
426391692
303137949
294072786
618827447
198828954
275206158
631130563
401973689
136107595
463772330
838609939
173553678
338003205
707647737
184788437
446359421
288600158
184152034
702708081
401794950
417068397
245228358
417511098
861978180
502098030
559161873
934439990
214010140
1030625253
199425434
52524899
89713545
177014904
620142597
228138878
131751585
179951745
198858451
1060019281
494659505
26433072
175428242
491405838
413848851
619019018
604736335
1041111740
323513206
317956001
492604501
77027662
222583058
403401707
695474425
338049887
985891995
156577678
285872094
80486617
455616156
682693468
495658655
878555628
250245310
497208537
249480412
733999535
187032680
1213932907
418171923
378077964
466120835
666890702
266827208
411696602
438937126
225587134
468798699
739033611
