82570133
499032683
651844970
76854849
626142824
782109861
485577233
443646846
685704942
232231514
455910552
312090131
309335368
376144470
515799395
635573655
777838985
1072694778
121244841
39313604
623372522
149456839
163525184
210639999
272450793
371341632
426627001
73124023
561334676
812390663
632515478
385556345
32863378
474204638
554205597
121959664
314343578
82141356
63230109
447096765
156726865
846770284
311258166
152828381
273900697
105263024
466343324
277946045
739385778
239337733
387653076
579823226
914486583
414788669
410070934
184415940
175928440
444146359
574718150
572490100
625025037
296076767
587897853
451991325
124499217
526100000
618748202
907410143
738183313
840686727
252734194
85574315
97613421
582904280
485367051
471862026
243139676
692534410
698939701
583773712
581897870
322814927
268616044
338327476
709524986
667896989
787268241
755361839
521334401
687743479
522598743
413592734
158939390
391869190
631044597
1143868129
442261576
700377955
205340697
563522715
