274794403
131059738
874368307
592038539
57318025
252803538
239194043
827653951
891628197
537743097
495057401
336751271
903644305
100223365
113661927
527953546
942992601
283374738
913774222
463444477
699482660
163058588
760171539
23369768
336549059
299441546
497759609
764984130
845386649
391918061
1247554388
223615294
141546250
709953936
785739918
943527230
646926217
731745740
225228966
590519200
341839851
613671363
301828768
789234448
455394507
1101836857
141357818
57654507
1062698598
381333192
735744738
520313202
93699390
1005933441
651849513
147059098
49714754
363233508
189804635
920479833
248281214
549872308
294984766
457369987
244047783
335032608
858324480
884621698
466970365
40832456
504476501
403940082
695535884
432593887
1161498310
333877457
144539711
203948888
410829074
295199742
845321369
658801543
707191220
308032127
378572613
687407418
525983078
866153134
807810261
881807367
290370391
105331260
828968273
632168913
500065660
340753566
899906048
475589456
396317725
489039908
