Farmer John
Farmer Nhoj
Farmer John
Farmer John
Farmer Nhoj
Farmer John
Farmer John
Farmer John
Farmer John
Farmer John
Farmer John
Farmer John
Farmer John
Farmer John
Farmer John
Farmer John
Farmer John
Farmer John
Farmer John
Farmer John
Farmer John
Farmer John
Farmer John
Farmer John
Farmer John
Farmer John
Farmer John
Farmer John
Farmer John
Farmer John
Farmer John
Farmer Nhoj
Farmer John
Farmer John
Farmer John
Farmer John
Farmer Nhoj
Farmer John
Farmer John
Farmer John
Farmer John
Farmer John
Farmer John
Farmer John
Farmer John
Farmer John
Farmer John
Farmer John
Farmer John
Farmer John
Farmer John
Farmer Nhoj
Farmer John
Farmer John
Farmer John
Farmer John
Farmer John
Farmer John
Farmer John
Farmer John
Farmer John
Farmer John
Farmer John
Farmer John
Farmer John
Farmer John
Farmer John
Farmer John
Farmer John
Farmer John
Farmer John
Farmer John
Farmer John
Farmer Nhoj
Farmer John
Farmer John
Farmer John
Farmer John
Farmer John
Farmer John
Farmer John
Farmer John
Farmer John
Farmer John
Farmer John
Farmer John
Farmer John
Farmer John
Farmer John
Farmer John
Farmer John
Farmer John
Farmer John
Farmer John
Farmer John
Farmer John
Farmer John
Farmer John
Farmer John
Farmer John
